// Jest Snapshot v1, https://goo.gl/fbAQLP

exports[`random stuff/miscellaneous snapshotting compiled code 1`] = `
"function anonymous(context,extra
) {
    let owner = context;
    let h = this.h;
    let c1 = [], p1 = {};
    let vn1 = h('div', p1, c1);
    //WIDGET
    let _2_index = c1.length;
    c1.push(null);
    let def3;
    let w4 = 4 in context.__widget__.cmap ? context.__widget__.children[context.__widget__.cmap[4]] : false;
    let props4 = {flag: context['state'].flag};
    let isNew4 = !w4;
    if (w4 && w4.__widget__.renderPromise) {
        if (w4.__widget__.isStarted) {
            if (props4 === w4.__widget__.renderProps) {
                def3 = w4.__widget__.renderPromise;
            } else {
                def3 = w4.updateProps(props4);
            }
        } else {
            isNew4 = true
            if (props4 === w4.__widget__.renderProps) {
                def3 = w4.__widget__.renderPromise;
            } else {
                w4.destroy();
                w4 = false
            }
        }
    }
    if (!def3) {
        if (w4) {
            def3 = w4.updateProps(props4);
        } else {
            w4 = new context.widgets['child'](owner, props4);
            context.__widget__.cmap[4] = w4.__widget__.id;
            def3 = w4._start();
        }
    }
    if (isNew4) {
        def3 = def3.then(vnode=>{let pvnode=h(vnode.sel, {key: 4});c1[_2_index]=pvnode;pvnode.data.hook = {insert(vn){let nvn=w4._mount(vnode, vn.elm);pvnode.elm=nvn.elm},remove(){w4.destroy()}}});
    } else {
        def3 = def3.then(()=>{if (!w4.__widget__.vnode) {return};let vnode=h(w4.__widget__.vnode.sel, {key: 4});vnode.elm=w4.el;c1[_2_index]=vnode;vnode.data.hook = {insert(a){a.elm.parentNode.replaceChild(w4.el,a.elm);a.elm=w4.el;w4.__mount();},remove(){w4.destroy()}}});
    }
    extra.promises.push(def3);
    return vn1;
}"
`;
