// Jest Snapshot v1, https://goo.gl/fbAQLP

exports[`Link component can render simple cases 1`] = `
"function anonymous(context, extra
) {
    // Template name: \\"__template__1\\"
    let utils = this.constructor.utils;
    let scope = Object.create(context);
    let h = this.h;
    let _4 = utils.toObj({'router-link-active':scope['isActive']});
    let _5 = scope['href'];
    let c6 = [], p6 = {key:6,attrs:{href: _5},class:_4,on:{}};
    let vn6 = h('a', p6, c6);
    extra.handlers['click__8__'] = extra.handlers['click__8__'] || function (e) {if (!context.__owl__.isMounted){return}utils.getComponent(context)['navigate'](e);};
    p6.on['click'] = extra.handlers['click__8__'];
    const slot9 = this.constructor.slots[context.__owl__.slotId + '_' + 'default'];
    if (slot9) {
        slot9.call(this, context.__owl__.scope, Object.assign({}, extra, {parentNode: c6, parent: extra.parent || context}));
    }
    return vn6;
}"
`;
