// Jest Snapshot v1, https://goo.gl/fbAQLP

exports[`event handling can set handler on sub component 1`] = `
"function anonymous(Blocks, utils
) {
  let {BCollection, BComponent, BComponentH, BHtml, BMulti, BNode, BStatic, BText} = Blocks;
  let {elem, toString, withDefault, call, zero, scope, getValues, owner, callSlot} = utils;
  
  return ctx => {
    ctx = Object.create(ctx);
    ctx[scope] = 1;
    const b1 = new BMulti(2);
    const b2 = b1.children[0] = new BComponentH(1, \`Child\`, {}, \`__1\`, ctx);
    b2.handlers[0] = [\`click\`, (e) => owner(ctx)['inc'](e), ctx];
    b1.children[1] = new BText(ctx['state'].value);
    return b1;
  }
}"
`;
