// Jest Snapshot v1, https://goo.gl/fbAQLP

exports[`style and class handling can set style and class on component 1`] = `
"function anonymous(Blocks, utils
) {
  let {BCollection, BComponent, BComponentH, BHtml, BMulti, BNode, BText} = Blocks;
  let {elem, toString, withDefault, call, zero, scope, getValues, owner, callSlot} = utils;
  
  class Block1 extends BNode {
    static el = elem(\`<div style=\\"font-weight:bold;\\" class=\\"some-class\\">world</div>\`);
  }
  
  return ctx => {
    const b1 = new Block1();
    return b1;
  }
}"
`;
